---
source: tests/snapshot.rs
expression: tokens
input_file: tests/lex/lparen.rox
---
[
    LeftParen,
]
