---
source: tests/snapshot.rs
expression: tokens
input_file: tests/lex/string.rox
---
[
    String(
        "foo",
    ),
    String(
        "bar \n",
    ),
]
