---
source: tests/snapshot.rs
expression: tokens
input_file: tests/lex/identifier.rox
---
[
    Identifier(
        "abwer",
    ),
    For,
    Identifier(
        "te9",
    ),
]
